{"type":"server-started","port":55757,"host":"127.0.0.1","url_host":"localhost","url":"http://localhost:55757","screen_dir":"/Users/mac/Desktop/voice/sound-states-demo/.superpowers/brainstorm/1797-1786347838/content","state_dir":"/Users/mac/Desktop/voice/sound-states-demo/.superpowers/brainstorm/1797-1786347838/state"}
{"type":"screen-added","file":"/Users/mac/Desktop/voice/sound-states-demo/.superpowers/brainstorm/1797-1786347838/content/card-layout-options.html"}
{"type":"screen-added","file":"/Users/mac/Desktop/voice/sound-states-demo/.superpowers/brainstorm/1797-1786347838/content/card-combined-v1.html"}
{"type":"screen-added","file":"/Users/mac/Desktop/voice/sound-states-demo/.superpowers/brainstorm/1797-1786347838/content/card-combined-v2.html"}
{"type":"screen-added","file":"/Users/mac/Desktop/voice/sound-states-demo/.superpowers/brainstorm/1797-1786347838/content/card-many.html"}
{"type":"screen-added","file":"/Users/mac/Desktop/voice/sound-states-demo/.superpowers/brainstorm/1797-1786347838/content/card-circle.html"}
{"type":"screen-added","file":"/Users/mac/Desktop/voice/sound-states-demo/.superpowers/brainstorm/1797-1786347838/content/card-3d-tarot.html"}
{"type":"screen-added","file":"/Users/mac/Desktop/voice/sound-states-demo/.superpowers/brainstorm/1797-1786347838/content/card-loose-daily.html"}
{"type":"screen-added","file":"/Users/mac/Desktop/voice/sound-states-demo/.superpowers/brainstorm/1797-1786347838/content/card-final.html"}
{"type":"screen-added","file":"/Users/mac/Desktop/voice/sound-states-demo/.superpowers/brainstorm/1797-1786347838/content/card-final-v2.html"}
{"type":"screen-added","file":"/Users/mac/Desktop/voice/sound-states-demo/.superpowers/brainstorm/1797-1786347838/content/card-final-v3.html"}
{"type":"screen-added","file":"/Users/mac/Desktop/voice/sound-states-demo/.superpowers/brainstorm/1797-1786347838/content/card-final-v4.html"}
{"type":"screen-added","file":"/Users/mac/Desktop/voice/sound-states-demo/.superpowers/brainstorm/1797-1786347838/content/card-final-v5.html"}
{"type":"screen-updated","file":"/Users/mac/Desktop/voice/sound-states-demo/.superpowers/brainstorm/1797-1786347838/content/card-final-v5.html"}
{"type":"screen-updated","file":"/Users/mac/Desktop/voice/sound-states-demo/.superpowers/brainstorm/1797-1786347838/content/card-final-v5.html"}
{"type":"screen-updated","file":"/Users/mac/Desktop/voice/sound-states-demo/.superpowers/brainstorm/1797-1786347838/content/card-final-v5.html"}
{"type":"screen-updated","file":"/Users/mac/Desktop/voice/sound-states-demo/.superpowers/brainstorm/1797-1786347838/content/card-final-v5.html"}
{"type":"screen-updated","file":"/Users/mac/Desktop/voice/sound-states-demo/.superpowers/brainstorm/1797-1786347838/content/card-final-v5.html"}
{"type":"screen-updated","file":"/Users/mac/Desktop/voice/sound-states-demo/.superpowers/brainstorm/1797-1786347838/content/card-final-v5.html"}
{"type":"screen-updated","file":"/Users/mac/Desktop/voice/sound-states-demo/.superpowers/brainstorm/1797-1786347838/content/card-final-v5.html"}
{"type":"screen-updated","file":"/Users/mac/Desktop/voice/sound-states-demo/.superpowers/brainstorm/1797-1786347838/content/card-final-v5.html"}
{"type":"screen-updated","file":"/Users/mac/Desktop/voice/sound-states-demo/.superpowers/brainstorm/1797-1786347838/content/card-final-v5.html"}
{"type":"screen-updated","file":"/Users/mac/Desktop/voice/sound-states-demo/.superpowers/brainstorm/1797-1786347838/content/card-final-v5.html"}
{"type":"screen-updated","file":"/Users/mac/Desktop/voice/sound-states-demo/.superpowers/brainstorm/1797-1786347838/content/card-final-v5.html"}
{"type":"screen-updated","file":"/Users/mac/Desktop/voice/sound-states-demo/.superpowers/brainstorm/1797-1786347838/content/card-final-v5.html"}
{"type":"screen-updated","file":"/Users/mac/Desktop/voice/sound-states-demo/.superpowers/brainstorm/1797-1786347838/content/card-final-v5.html"}
{"type":"screen-updated","file":"/Users/mac/Desktop/voice/sound-states-demo/.superpowers/brainstorm/1797-1786347838/content/card-final-v5.html"}
{"type":"screen-updated","file":"/Users/mac/Desktop/voice/sound-states-demo/.superpowers/brainstorm/1797-1786347838/content/card-final-v5.html"}
{"type":"screen-updated","file":"/Users/mac/Desktop/voice/sound-states-demo/.superpowers/brainstorm/1797-1786347838/content/card-final-v5.html"}
{"type":"screen-updated","file":"/Users/mac/Desktop/voice/sound-states-demo/.superpowers/brainstorm/1797-1786347838/content/card-final-v5.html"}
{"type":"screen-updated","file":"/Users/mac/Desktop/voice/sound-states-demo/.superpowers/brainstorm/1797-1786347838/content/card-final-v5.html"}
{"type":"screen-updated","file":"/Users/mac/Desktop/voice/sound-states-demo/.superpowers/brainstorm/1797-1786347838/content/card-final-v5.html"}
{"type":"screen-updated","file":"/Users/mac/Desktop/voice/sound-states-demo/.superpowers/brainstorm/1797-1786347838/content/card-final-v5.html"}
{"type":"screen-added","file":"/Users/mac/Desktop/voice/sound-states-demo/.superpowers/brainstorm/1797-1786347838/content/card-final-v6.html"}
{"type":"screen-updated","file":"/Users/mac/Desktop/voice/sound-states-demo/.superpowers/brainstorm/1797-1786347838/content/card-final-v6.html"}
{"type":"screen-updated","file":"/Users/mac/Desktop/voice/sound-states-demo/.superpowers/brainstorm/1797-1786347838/content/card-final-v6.html"}
{"type":"screen-updated","file":"/Users/mac/Desktop/voice/sound-states-demo/.superpowers/brainstorm/1797-1786347838/content/card-final-v6.html"}
{"type":"screen-updated","file":"/Users/mac/Desktop/voice/sound-states-demo/.superpowers/brainstorm/1797-1786347838/content/card-final-v6.html"}
{"type":"screen-updated","file":"/Users/mac/Desktop/voice/sound-states-demo/.superpowers/brainstorm/1797-1786347838/content/card-final-v6.html"}
{"type":"screen-updated","file":"/Users/mac/Desktop/voice/sound-states-demo/.superpowers/brainstorm/1797-1786347838/content/card-final-v6.html"}
{"type":"screen-updated","file":"/Users/mac/Desktop/voice/sound-states-demo/.superpowers/brainstorm/1797-1786347838/content/card-final-v6.html"}
{"type":"server-stopped","reason":"idle timeout"}
